192.168.1.15 - - [15/Mar/2026:10:00:00 +0100] "GET /about HTTP/1.1" 301 11161 "https://example.com/" "Mozilla/5.0 (Windows NT 10.0; Win64; x64; rv:121.0) Gecko/20100101 Firefox/121.0"
192.168.1.13 - - [15/Mar/2026:10:00:01 +0100] "GET /api/v1/users HTTP/1.1" 200 13943 "https://example.com/" "Mozilla/5.0 (Windows NT 10.0; Win64; x64; rv:121.0) Gecko/20100101 Firefox/121.0"
192.168.1.39 - - [15/Mar/2026:10:00:01 +0100] "GET /products HTTP/1.1" 200 2718 "-" "Mozilla/5.0 (X11; Linux x86_64; rv:121.0) Gecko/20100101 Firefox/121.0"
192.168.1.36 - - [15/Mar/2026:10:00:01 +0100] "GET / HTTP/1.1" 200 9072 "-" "Mozilla/5.0 (X11; Linux x86_64; rv:121.0) Gecko/20100101 Firefox/121.0"
192.168.1.33 - - [15/Mar/2026:10:00:02 +0100] "GET /api/v1/users HTTP/1.1" 304 9928 "https://www.google.com/" "Mozilla/5.0 (X11; Linux x86_64; rv:121.0) Gecko/20100101 Firefox/121.0"
192.168.1.22 - - [15/Mar/2026:10:00:02 +0100] "GET /assets/style.css HTTP/1.1" 301 13053 "https://example.com/" "Mozilla/5.0 (X11; Linux x86_64; rv:121.0) Gecko/20100101 Firefox/121.0"
192.168.1.31 - - [15/Mar/2026:10:00:02 +0100] "GET /about HTTP/1.1" 200 11571 "https://github.com/" "Mozilla/5.0 (Macintosh; Intel Mac OS X 14_3) AppleWebKit/605.1.15 (KHTML, like Gecko) Version/17.2 Safari/605.1.15"
192.168.1.43 - - [15/Mar/2026:10:00:07 +0100] "GET /images/logo.png HTTP/1.1" 301 13353 "https://github.com/" "Mozilla/5.0 (Windows NT 10.0; Win64; x64; rv:121.0) Gecko/20100101 Firefox/121.0"
192.168.1.49 - - [15/Mar/2026:10:00:10 +0100] "GET /docs HTTP/1.1" 200 10805 "https://github.com/" "Mozilla/5.0 (X11; Linux x86_64; rv:121.0) Gecko/20100101 Firefox/121.0"
192.168.1.41 - - [15/Mar/2026:10:00:11 +0100] "GET /api/v1/data HTTP/1.1" 304 8075 "https://example.com/" "Mozilla/5.0 (X11; Linux x86_64; rv:121.0) Gecko/20100101 Firefox/121.0"
192.168.1.27 - - [15/Mar/2026:10:00:12 +0100] "GET /api/v1/users HTTP/1.1" 200 2331 "https://www.google.com/" "Mozilla/5.0 (Macintosh; Intel Mac OS X 14_3) AppleWebKit/605.1.15 (KHTML, like Gecko) Version/17.2 Safari/605.1.15"
192.168.1.46 - - [15/Mar/2026:10:00:12 +0100] "GET /docs HTTP/1.1" 200 9000 "https://www.google.com/" "Mozilla/5.0 (Windows NT 10.0; Win64; x64) AppleWebKit/537.36 (KHTML, like Gecko) Chrome/120.0.0.0 Safari/537.36"
192.168.1.15 - - [15/Mar/2026:10:00:12 +0100] "GET /contact HTTP/1.1" 200 13676 "https://www.google.com/" "Mozilla/5.0 (Macintosh; Intel Mac OS X 14_3) AppleWebKit/605.1.15 (KHTML, like Gecko) Version/17.2 Safari/605.1.15"
192.168.1.22 - - [15/Mar/2026:10:00:13 +0100] "GET /images/logo.png HTTP/1.1" 301 1549 "https://example.com/" "Mozilla/5.0 (Windows NT 10.0; Win64; x64) AppleWebKit/537.36 (KHTML, like Gecko) Chrome/120.0.0.0 Safari/537.36"
192.168.1.20 - - [15/Mar/2026:10:00:13 +0100] "GET /faq HTTP/1.1" 200 13665 "-" "Mozilla/5.0 (Windows NT 10.0; Win64; x64; rv:121.0) Gecko/20100101 Firefox/121.0"
192.168.1.19 - - [15/Mar/2026:10:00:16 +0100] "GET /products HTTP/1.1" 200 5814 "https://github.com/" "Mozilla/5.0 (Windows NT 10.0; Win64; x64; rv:121.0) Gecko/20100101 Firefox/121.0"
192.168.1.10 - - [15/Mar/2026:10:00:16 +0100] "GET /contact HTTP/1.1" 200 5025 "https://example.com/" "Mozilla/5.0 (Windows NT 10.0; Win64; x64; rv:121.0) Gecko/20100101 Firefox/121.0"
192.168.1.15 - - [15/Mar/2026:10:00:17 +0100] "GET /contact HTTP/1.1" 200 7628 "https://www.google.com/" "Mozilla/5.0 (Windows NT 10.0; Win64; x64) AppleWebKit/537.36 (KHTML, like Gecko) Chrome/120.0.0.0 Safari/537.36"
192.168.1.19 - - [15/Mar/2026:10:00:17 +0100] "GET /docs HTTP/1.1" 304 2520 "https://www.google.com/" "Mozilla/5.0 (Windows NT 10.0; Win64; x64) AppleWebKit/537.36 (KHTML, like Gecko) Chrome/120.0.0.0 Safari/537.36"
192.168.1.46 - - [15/Mar/2026:10:00:20 +0100] "GET / HTTP/1.1" 301 10849 "https://github.com/" "Mozilla/5.0 (Macintosh; Intel Mac OS X 14_3) AppleWebKit/605.1.15 (KHTML, like Gecko) Version/17.2 Safari/605.1.15"
192.168.1.39 - - [15/Mar/2026:10:00:20 +0100] "GET /assets/style.css HTTP/1.1" 200 5562 "https://github.com/" "Mozilla/5.0 (Windows NT 10.0; Win64; x64) AppleWebKit/537.36 (KHTML, like Gecko) Chrome/120.0.0.0 Safari/537.36"
192.168.1.34 - - [15/Mar/2026:10:00:21 +0100] "GET /about HTTP/1.1" 304 13404 "-" "Mozilla/5.0 (Windows NT 10.0; Win64; x64) AppleWebKit/537.36 (KHTML, like Gecko) Chrome/120.0.0.0 Safari/537.36"
192.168.1.30 - - [15/Mar/2026:10:00:21 +0100] "GET /api/v1/users HTTP/1.1" 200 3212 "https://example.com/" "Mozilla/5.0 (Windows NT 10.0; Win64; x64) AppleWebKit/537.36 (KHTML, like Gecko) Chrome/120.0.0.0 Safari/537.36"
192.168.1.46 - - [15/Mar/2026:10:00:22 +0100] "GET / HTTP/1.1" 200 11053 "https://example.com/" "Mozilla/5.0 (Macintosh; Intel Mac OS X 14_3) AppleWebKit/605.1.15 (KHTML, like Gecko) Version/17.2 Safari/605.1.15"
192.168.1.41 - - [15/Mar/2026:10:00:22 +0100] "GET /images/logo.png HTTP/1.1" 200 5621 "-" "Mozilla/5.0 (X11; Linux x86_64; rv:121.0) Gecko/20100101 Firefox/121.0"
192.168.1.15 - - [15/Mar/2026:10:00:25 +0100] "GET /api/v1/users HTTP/1.1" 200 13439 "https://www.google.com/" "Mozilla/5.0 (Macintosh; Intel Mac OS X 14_3) AppleWebKit/605.1.15 (KHTML, like Gecko) Version/17.2 Safari/605.1.15"
192.168.1.16 - - [15/Mar/2026:10:00:26 +0100] "GET /products HTTP/1.1" 200 9859 "https://www.google.com/" "Mozilla/5.0 (Windows NT 10.0; Win64; x64; rv:121.0) Gecko/20100101 Firefox/121.0"
192.168.1.13 - - [15/Mar/2026:10:00:26 +0100] "GET /products HTTP/1.1" 200 9343 "https://example.com/" "Mozilla/5.0 (Windows NT 10.0; Win64; x64) AppleWebKit/537.36 (KHTML, like Gecko) Chrome/120.0.0.0 Safari/537.36"
192.168.1.24 - - [15/Mar/2026:10:00:27 +0100] "GET /docs HTTP/1.1" 200 526 "-" "Mozilla/5.0 (Windows NT 10.0; Win64; x64; rv:121.0) Gecko/20100101 Firefox/121.0"
192.168.1.29 - - [15/Mar/2026:10:00:27 +0100] "GET /docs HTTP/1.1" 200 3722 "https://example.com/" "Mozilla/5.0 (X11; Linux x86_64; rv:121.0) Gecko/20100101 Firefox/121.0"
192.168.1.25 - - [15/Mar/2026:10:00:27 +0100] "GET /images/logo.png HTTP/1.1" 200 8612 "https://www.google.com/" "Mozilla/5.0 (Windows NT 10.0; Win64; x64) AppleWebKit/537.36 (KHTML, like Gecko) Chrome/120.0.0.0 Safari/537.36"
192.168.1.31 - - [15/Mar/2026:10:00:27 +0100] "GET /about HTTP/1.1" 200 7752 "https://example.com/" "Mozilla/5.0 (Windows NT 10.0; Win64; x64) AppleWebKit/537.36 (KHTML, like Gecko) Chrome/120.0.0.0 Safari/537.36"
192.168.1.24 - - [15/Mar/2026:10:00:27 +0100] "GET /api/v1/users HTTP/1.1" 200 11682 "https://github.com/" "Mozilla/5.0 (X11; Linux x86_64; rv:121.0) Gecko/20100101 Firefox/121.0"
192.168.1.16 - - [15/Mar/2026:10:00:28 +0100] "GET /products HTTP/1.1" 200 395 "https://example.com/" "Mozilla/5.0 (Windows NT 10.0; Win64; x64) AppleWebKit/537.36 (KHTML, like Gecko) Chrome/120.0.0.0 Safari/537.36"
192.168.1.23 - - [15/Mar/2026:10:00:29 +0100] "GET /products HTTP/1.1" 304 4981 "https://github.com/" "Mozilla/5.0 (Windows NT 10.0; Win64; x64) AppleWebKit/537.36 (KHTML, like Gecko) Chrome/120.0.0.0 Safari/537.36"
192.168.1.38 - - [15/Mar/2026:10:00:31 +0100] "GET /faq HTTP/1.1" 200 6860 "https://www.google.com/" "Mozilla/5.0 (Windows NT 10.0; Win64; x64) AppleWebKit/537.36 (KHTML, like Gecko) Chrome/120.0.0.0 Safari/537.36"
203.0.113.50 - - [15/Mar/2026:10:00:32 +0100] "GET /web.config HTTP/1.1" 404 196 "-" "Mozilla/5.0 (compatible; Nmap Scripting Engine)"
203.0.113.50 - - [15/Mar/2026:10:00:32 +0100] "GET /server-status HTTP/1.1" 404 196 "-" "Mozilla/5.0 (compatible; Nmap Scripting Engine)"
192.168.1.16 - - [15/Mar/2026:10:00:34 +0100] "GET /faq HTTP/1.1" 200 10177 "https://www.google.com/" "Mozilla/5.0 (Macintosh; Intel Mac OS X 14_3) AppleWebKit/605.1.15 (KHTML, like Gecko) Version/17.2 Safari/605.1.15"
192.168.1.32 - - [15/Mar/2026:10:00:34 +0100] "GET /faq HTTP/1.1" 200 10722 "-" "Mozilla/5.0 (Macintosh; Intel Mac OS X 14_3) AppleWebKit/605.1.15 (KHTML, like Gecko) Version/17.2 Safari/605.1.15"
192.168.1.13 - - [15/Mar/2026:10:00:35 +0100] "GET /products HTTP/1.1" 200 13378 "https://github.com/" "Mozilla/5.0 (Windows NT 10.0; Win64; x64) AppleWebKit/537.36 (KHTML, like Gecko) Chrome/120.0.0.0 Safari/537.36"
203.0.113.50 - - [15/Mar/2026:10:00:36 +0100] "GET /graphql HTTP/1.1" 404 196 "-" "Mozilla/5.0 (compatible; Nmap Scripting Engine)"
203.0.113.50 - - [15/Mar/2026:10:00:38 +0100] "GET /wp-login.php HTTP/1.1" 404 196 "-" "Mozilla/5.0 (compatible; Nmap Scripting Engine)"
203.0.113.50 - - [15/Mar/2026:10:00:38 +0100] "GET /admin HTTP/1.1" 404 196 "-" "Mozilla/5.0 (compatible; Nmap Scripting Engine)"
192.168.1.35 - - [15/Mar/2026:10:00:39 +0100] "GET /images/logo.png HTTP/1.1" 304 10526 "https://www.google.com/" "Mozilla/5.0 (Windows NT 10.0; Win64; x64) AppleWebKit/537.36 (KHTML, like Gecko) Chrome/120.0.0.0 Safari/537.36"
203.0.113.50 - - [15/Mar/2026:10:00:39 +0100] "GET /phpmyadmin HTTP/1.1" 404 196 "-" "Mozilla/5.0 (compatible; Nmap Scripting Engine)"
192.168.1.13 - - [15/Mar/2026:10:00:39 +0100] "GET /products HTTP/1.1" 200 7016 "https://github.com/" "Mozilla/5.0 (Windows NT 10.0; Win64; x64; rv:121.0) Gecko/20100101 Firefox/121.0"
192.168.1.22 - - [15/Mar/2026:10:00:41 +0100] "GET /api/v1/users HTTP/1.1" 200 10534 "https://github.com/" "Mozilla/5.0 (Windows NT 10.0; Win64; x64) AppleWebKit/537.36 (KHTML, like Gecko) Chrome/120.0.0.0 Safari/537.36"
192.168.1.21 - - [15/Mar/2026:10:00:42 +0100] "GET /about HTTP/1.1" 200 5649 "https://www.google.com/" "Mozilla/5.0 (Macintosh; Intel Mac OS X 14_3) AppleWebKit/605.1.15 (KHTML, like Gecko) Version/17.2 Safari/605.1.15"
192.168.1.13 - - [15/Mar/2026:10:00:43 +0100] "GET /api/v1/data HTTP/1.1" 200 12491 "https://www.google.com/" "Mozilla/5.0 (Macintosh; Intel Mac OS X 14_3) AppleWebKit/605.1.15 (KHTML, like Gecko) Version/17.2 Safari/605.1.15"
203.0.113.50 - - [15/Mar/2026:10:00:43 +0100] "GET /wp-content/uploads/ HTTP/1.1" 404 196 "-" "Mozilla/5.0 (compatible; Nmap Scripting Engine)"
203.0.113.50 - - [15/Mar/2026:10:00:44 +0100] "GET /administrator HTTP/1.1" 404 196 "-" "Mozilla/5.0 (compatible; Nmap Scripting Engine)"
203.0.113.50 - - [15/Mar/2026:10:00:45 +0100] "GET /xmlrpc.php HTTP/1.1" 404 196 "-" "Mozilla/5.0 (compatible; Nmap Scripting Engine)"
203.0.113.50 - - [15/Mar/2026:10:00:46 +0100] "GET /robots.txt.bak HTTP/1.1" 404 196 "-" "Mozilla/5.0 (compatible; Nmap Scripting Engine)"
192.168.1.24 - - [15/Mar/2026:10:00:46 +0100] "GET /products HTTP/1.1" 304 6606 "https://example.com/" "Mozilla/5.0 (X11; Linux x86_64; rv:121.0) Gecko/20100101 Firefox/121.0"
192.168.1.46 - - [15/Mar/2026:10:00:48 +0100] "GET /api/v1/data HTTP/1.1" 200 10806 "https://example.com/" "Mozilla/5.0 (Macintosh; Intel Mac OS X 14_3) AppleWebKit/605.1.15 (KHTML, like Gecko) Version/17.2 Safari/605.1.15"
192.168.1.32 - - [15/Mar/2026:10:00:49 +0100] "GET /api/v1/users HTTP/1.1" 301 13028 "https://example.com/" "Mozilla/5.0 (X11; Linux x86_64; rv:121.0) Gecko/20100101 Firefox/121.0"
192.168.1.12 - - [15/Mar/2026:10:00:50 +0100] "GET /assets/style.css HTTP/1.1" 200 7669 "https://github.com/" "Mozilla/5.0 (X11; Linux x86_64; rv:121.0) Gecko/20100101 Firefox/121.0"
192.168.1.23 - - [15/Mar/2026:10:00:51 +0100] "GET /products HTTP/1.1" 200 4785 "https://example.com/" "Mozilla/5.0 (Windows NT 10.0; Win64; x64; rv:121.0) Gecko/20100101 Firefox/121.0"
203.0.113.50 - - [15/Mar/2026:10:00:52 +0100] "GET /test.php HTTP/1.1" 404 196 "-" "Mozilla/5.0 (compatible; Nmap Scripting Engine)"
203.0.113.50 - - [15/Mar/2026:10:00:52 +0100] "GET /dump.sql HTTP/1.1" 404 196 "-" "Mozilla/5.0 (compatible; Nmap Scripting Engine)"
203.0.113.50 - - [15/Mar/2026:10:00:53 +0100] "GET /debug HTTP/1.1" 404 196 "-" "Mozilla/5.0 (compatible; Nmap Scripting Engine)"
192.168.1.34 - - [15/Mar/2026:10:00:54 +0100] "GET /images/logo.png HTTP/1.1" 301 672 "https://github.com/" "Mozilla/5.0 (Macintosh; Intel Mac OS X 14_3) AppleWebKit/605.1.15 (KHTML, like Gecko) Version/17.2 Safari/605.1.15"
192.168.1.49 - - [15/Mar/2026:10:00:55 +0100] "GET /assets/style.css HTTP/1.1" 200 2077 "-" "Mozilla/5.0 (Macintosh; Intel Mac OS X 14_3) AppleWebKit/605.1.15 (KHTML, like Gecko) Version/17.2 Safari/605.1.15"
192.168.1.12 - - [15/Mar/2026:10:00:55 +0100] "GET /assets/style.css HTTP/1.1" 200 7819 "https://example.com/" "Mozilla/5.0 (X11; Linux x86_64; rv:121.0) Gecko/20100101 Firefox/121.0"
203.0.113.50 - - [15/Mar/2026:10:01:01 +0100] "GET /console HTTP/1.1" 404 196 "-" "Mozilla/5.0 (compatible; Nmap Scripting Engine)"
192.168.1.25 - - [15/Mar/2026:10:01:01 +0100] "GET /contact HTTP/1.1" 200 1181 "https://www.google.com/" "Mozilla/5.0 (Macintosh; Intel Mac OS X 14_3) AppleWebKit/605.1.15 (KHTML, like Gecko) Version/17.2 Safari/605.1.15"
192.168.1.48 - - [15/Mar/2026:10:01:01 +0100] "GET /api/v1/users HTTP/1.1" 200 12452 "https://www.google.com/" "Mozilla/5.0 (Windows NT 10.0; Win64; x64; rv:121.0) Gecko/20100101 Firefox/121.0"
192.168.1.32 - - [15/Mar/2026:10:01:03 +0100] "GET /api/v1/data HTTP/1.1" 200 10782 "https://example.com/" "Mozilla/5.0 (Macintosh; Intel Mac OS X 14_3) AppleWebKit/605.1.15 (KHTML, like Gecko) Version/17.2 Safari/605.1.15"
192.168.1.36 - - [15/Mar/2026:10:01:03 +0100] "GET /faq HTTP/1.1" 301 14408 "-" "Mozilla/5.0 (X11; Linux x86_64; rv:121.0) Gecko/20100101 Firefox/121.0"
203.0.113.50 - - [15/Mar/2026:10:01:03 +0100] "GET /.env HTTP/1.1" 404 196 "-" "Mozilla/5.0 (compatible; Nmap Scripting Engine)"
203.0.113.50 - - [15/Mar/2026:10:01:03 +0100] "GET /pma HTTP/1.1" 404 196 "-" "Mozilla/5.0 (compatible; Nmap Scripting Engine)"
203.0.113.50 - - [15/Mar/2026:10:01:04 +0100] "GET /info.php HTTP/1.1" 404 196 "-" "Mozilla/5.0 (compatible; Nmap Scripting Engine)"
203.0.113.50 - - [15/Mar/2026:10:01:04 +0100] "GET /phpinfo.php HTTP/1.1" 404 196 "-" "Mozilla/5.0 (compatible; Nmap Scripting Engine)"
192.168.1.13 - - [15/Mar/2026:10:01:04 +0100] "GET /contact HTTP/1.1" 301 4893 "https://github.com/" "Mozilla/5.0 (Windows NT 10.0; Win64; x64; rv:121.0) Gecko/20100101 Firefox/121.0"
192.168.1.32 - - [15/Mar/2026:10:01:07 +0100] "GET /assets/style.css HTTP/1.1" 200 1882 "https://www.google.com/" "Mozilla/5.0 (Windows NT 10.0; Win64; x64; rv:121.0) Gecko/20100101 Firefox/121.0"
203.0.113.50 - - [15/Mar/2026:10:01:08 +0100] "GET /_config.yml HTTP/1.1" 404 196 "-" "Mozilla/5.0 (compatible; Nmap Scripting Engine)"
10.99.88.77 - - [15/Mar/2026:10:01:08 +0100] "GET /%c0%ae%c0%ae/%c0%ae%c0%ae/etc/passwd HTTP/1.1" 403 287 "-" "Mozilla/5.0 (Windows NT 10.0; Win64; x64) AppleWebKit/537.36 (KHTML, like Gecko) Chrome/120.0.0.0 Safari/537.36"
203.0.113.50 - - [15/Mar/2026:10:01:08 +0100] "GET /actuator/health HTTP/1.1" 404 196 "-" "Mozilla/5.0 (compatible; Nmap Scripting Engine)"
203.0.113.50 - - [15/Mar/2026:10:01:10 +0100] "GET /solr/admin HTTP/1.1" 404 196 "-" "Mozilla/5.0 (compatible; Nmap Scripting Engine)"
192.168.1.28 - - [15/Mar/2026:10:01:11 +0100] "GET / HTTP/1.1" 200 6549 "https://www.google.com/" "Mozilla/5.0 (Windows NT 10.0; Win64; x64; rv:121.0) Gecko/20100101 Firefox/121.0"
192.168.1.41 - - [15/Mar/2026:10:01:12 +0100] "GET /docs HTTP/1.1" 200 3109 "https://www.google.com/" "Mozilla/5.0 (Windows NT 10.0; Win64; x64; rv:121.0) Gecko/20100101 Firefox/121.0"
192.168.1.24 - - [15/Mar/2026:10:01:13 +0100] "GET /contact HTTP/1.1" 200 13964 "https://example.com/" "Mozilla/5.0 (X11; Linux x86_64; rv:121.0) Gecko/20100101 Firefox/121.0"
203.0.113.50 - - [15/Mar/2026:10:01:13 +0100] "GET /backup.sql HTTP/1.1" 404 196 "-" "Mozilla/5.0 (compatible; Nmap Scripting Engine)"
203.0.113.50 - - [15/Mar/2026:10:01:14 +0100] "GET /sitemap.xml.gz HTTP/1.1" 404 196 "-" "Mozilla/5.0 (compatible; Nmap Scripting Engine)"
203.0.113.50 - - [15/Mar/2026:10:01:15 +0100] "GET /wp-admin HTTP/1.1" 404 196 "-" "Mozilla/5.0 (compatible; Nmap Scripting Engine)"
192.168.1.39 - - [15/Mar/2026:10:01:15 +0100] "GET /assets/style.css HTTP/1.1" 304 8730 "-" "Mozilla/5.0 (Windows NT 10.0; Win64; x64; rv:121.0) Gecko/20100101 Firefox/121.0"
203.0.113.50 - - [15/Mar/2026:10:01:15 +0100] "GET /.htaccess HTTP/1.1" 404 196 "-" "Mozilla/5.0 (compatible; Nmap Scripting Engine)"
10.99.88.77 - - [15/Mar/2026:10:01:15 +0100] "GET /admin/../../../etc/hosts HTTP/1.1" 403 287 "-" "Mozilla/5.0 (Windows NT 10.0; Win64; x64) AppleWebKit/537.36 (KHTML, like Gecko) Chrome/120.0.0.0 Safari/537.36"
192.168.1.22 - - [15/Mar/2026:10:01:16 +0100] "GET /api/v1/data HTTP/1.1" 200 14162 "https://example.com/" "Mozilla/5.0 (Windows NT 10.0; Win64; x64; rv:121.0) Gecko/20100101 Firefox/121.0"
192.168.1.16 - - [15/Mar/2026:10:01:16 +0100] "GET /docs HTTP/1.1" 304 12042 "https://example.com/" "Mozilla/5.0 (Windows NT 10.0; Win64; x64) AppleWebKit/537.36 (KHTML, like Gecko) Chrome/120.0.0.0 Safari/537.36"
192.168.1.16 - - [15/Mar/2026:10:01:16 +0100] "GET / HTTP/1.1" 200 6523 "https://github.com/" "Mozilla/5.0 (Windows NT 10.0; Win64; x64; rv:121.0) Gecko/20100101 Firefox/121.0"
203.0.113.50 - - [15/Mar/2026:10:01:17 +0100] "GET /.svn/entries HTTP/1.1" 404 196 "-" "Mozilla/5.0 (compatible; Nmap Scripting Engine)"
192.168.1.21 - - [15/Mar/2026:10:01:18 +0100] "GET / HTTP/1.1" 200 14201 "https://example.com/" "Mozilla/5.0 (Windows NT 10.0; Win64; x64; rv:121.0) Gecko/20100101 Firefox/121.0"
192.168.1.29 - - [15/Mar/2026:10:01:18 +0100] "GET /api/v1/data HTTP/1.1" 200 8675 "-" "Mozilla/5.0 (Macintosh; Intel Mac OS X 14_3) AppleWebKit/605.1.15 (KHTML, like Gecko) Version/17.2 Safari/605.1.15"
192.168.1.41 - - [15/Mar/2026:10:01:19 +0100] "GET /docs HTTP/1.1" 301 7950 "https://example.com/" "Mozilla/5.0 (Windows NT 10.0; Win64; x64) AppleWebKit/537.36 (KHTML, like Gecko) Chrome/120.0.0.0 Safari/537.36"
192.168.1.36 - - [15/Mar/2026:10:01:20 +0100] "GET /api/v1/users HTTP/1.1" 200 14366 "https://github.com/" "Mozilla/5.0 (Windows NT 10.0; Win64; x64) AppleWebKit/537.36 (KHTML, like Gecko) Chrome/120.0.0.0 Safari/537.36"
192.168.1.36 - - [15/Mar/2026:10:01:20 +0100] "GET /docs HTTP/1.1" 304 1662 "https://github.com/" "Mozilla/5.0 (Macintosh; Intel Mac OS X 14_3) AppleWebKit/605.1.15 (KHTML, like Gecko) Version/17.2 Safari/605.1.15"
10.99.88.77 - - [15/Mar/2026:10:01:21 +0100] "GET /..;/..;/etc/passwd HTTP/1.1" 403 287 "-" "Mozilla/5.0 (Macintosh; Intel Mac OS X 14_3) AppleWebKit/605.1.15 (KHTML, like Gecko) Version/17.2 Safari/605.1.15"
192.168.1.39 - - [15/Mar/2026:10:01:22 +0100] "GET /api/v1/users HTTP/1.1" 200 10610 "-" "Mozilla/5.0 (Windows NT 10.0; Win64; x64) AppleWebKit/537.36 (KHTML, like Gecko) Chrome/120.0.0.0 Safari/537.36"
203.0.113.50 - - [15/Mar/2026:10:01:22 +0100] "GET /config.php HTTP/1.1" 404 196 "-" "Mozilla/5.0 (compatible; Nmap Scripting Engine)"
192.168.1.19 - - [15/Mar/2026:10:01:22 +0100] "GET /docs HTTP/1.1" 301 11354 "-" "Mozilla/5.0 (Windows NT 10.0; Win64; x64; rv:121.0) Gecko/20100101 Firefox/121.0"
203.0.113.50 - - [15/Mar/2026:10:01:22 +0100] "GET /.DS_Store HTTP/1.1" 404 196 "-" "Mozilla/5.0 (compatible; Nmap Scripting Engine)"
10.99.88.77 - - [15/Mar/2026:10:01:23 +0100] "GET /....\....\etc\passwd HTTP/1.1" 403 287 "-" "Mozilla/5.0 (Windows NT 10.0; Win64; x64) AppleWebKit/537.36 (KHTML, like Gecko) Chrome/120.0.0.0 Safari/537.36"
203.0.113.50 - - [15/Mar/2026:10:01:25 +0100] "GET /api/config HTTP/1.1" 404 196 "-" "Mozilla/5.0 (compatible; Nmap Scripting Engine)"
203.0.113.50 - - [15/Mar/2026:10:01:26 +0100] "GET /.git/config HTTP/1.1" 404 196 "-" "Mozilla/5.0 (compatible; Nmap Scripting Engine)"
192.168.1.30 - - [15/Mar/2026:10:01:27 +0100] "GET /contact HTTP/1.1" 304 13829 "https://www.google.com/" "Mozilla/5.0 (X11; Linux x86_64; rv:121.0) Gecko/20100101 Firefox/121.0"
203.0.113.50 - - [15/Mar/2026:10:01:28 +0100] "GET /swagger.json HTTP/1.1" 404 196 "-" "Mozilla/5.0 (compatible; Nmap Scripting Engine)"
192.168.1.40 - - [15/Mar/2026:10:01:28 +0100] "GET /products HTTP/1.1" 304 4437 "https://www.google.com/" "Mozilla/5.0 (Macintosh; Intel Mac OS X 14_3) AppleWebKit/605.1.15 (KHTML, like Gecko) Version/17.2 Safari/605.1.15"
192.168.1.21 - - [15/Mar/2026:10:01:28 +0100] "GET /about HTTP/1.1" 200 3047 "https://github.com/" "Mozilla/5.0 (Windows NT 10.0; Win64; x64) AppleWebKit/537.36 (KHTML, like Gecko) Chrome/120.0.0.0 Safari/537.36"
192.168.1.30 - - [15/Mar/2026:10:01:28 +0100] "GET /assets/style.css HTTP/1.1" 200 1415 "https://example.com/" "Mozilla/5.0 (X11; Linux x86_64; rv:121.0) Gecko/20100101 Firefox/121.0"
192.168.1.16 - - [15/Mar/2026:10:01:29 +0100] "GET / HTTP/1.1" 200 9567 "https://example.com/" "Mozilla/5.0 (Windows NT 10.0; Win64; x64; rv:121.0) Gecko/20100101 Firefox/121.0"
192.168.1.33 - - [15/Mar/2026:10:01:29 +0100] "GET / HTTP/1.1" 301 14532 "-" "Mozilla/5.0 (Macintosh; Intel Mac OS X 14_3) AppleWebKit/605.1.15 (KHTML, like Gecko) Version/17.2 Safari/605.1.15"
192.168.1.28 - - [15/Mar/2026:10:01:32 +0100] "GET /products HTTP/1.1" 200 12141 "https://github.com/" "Mozilla/5.0 (Windows NT 10.0; Win64; x64) AppleWebKit/537.36 (KHTML, like Gecko) Chrome/120.0.0.0 Safari/537.36"
10.99.88.77 - - [15/Mar/2026:10:01:32 +0100] "GET /..%252f..%252f..%252fetc/passwd HTTP/1.1" 403 287 "-" "Mozilla/5.0 (Windows NT 10.0; Win64; x64; rv:121.0) Gecko/20100101 Firefox/121.0"
192.168.1.29 - - [15/Mar/2026:10:01:34 +0100] "GET /products HTTP/1.1" 200 12872 "https://example.com/" "Mozilla/5.0 (Macintosh; Intel Mac OS X 14_3) AppleWebKit/605.1.15 (KHTML, like Gecko) Version/17.2 Safari/605.1.15"
192.168.1.41 - - [15/Mar/2026:10:01:34 +0100] "GET / HTTP/1.1" 200 6809 "-" "Mozilla/5.0 (Windows NT 10.0; Win64; x64; rv:121.0) Gecko/20100101 Firefox/121.0"
192.168.1.34 - - [15/Mar/2026:10:01:34 +0100] "GET /about HTTP/1.1" 301 296 "-" "Mozilla/5.0 (Windows NT 10.0; Win64; x64) AppleWebKit/537.36 (KHTML, like Gecko) Chrome/120.0.0.0 Safari/537.36"
192.168.1.38 - - [15/Mar/2026:10:01:35 +0100] "GET /images/logo.png HTTP/1.1" 301 11003 "https://example.com/" "Mozilla/5.0 (X11; Linux x86_64; rv:121.0) Gecko/20100101 Firefox/121.0"
192.168.1.24 - - [15/Mar/2026:10:01:35 +0100] "GET / HTTP/1.1" 200 1159 "https://www.google.com/" "Mozilla/5.0 (Windows NT 10.0; Win64; x64; rv:121.0) Gecko/20100101 Firefox/121.0"
192.168.1.14 - - [15/Mar/2026:10:01:35 +0100] "GET /about HTTP/1.1" 200 9315 "https://www.google.com/" "Mozilla/5.0 (Windows NT 10.0; Win64; x64; rv:121.0) Gecko/20100101 Firefox/121.0"
192.168.1.36 - - [15/Mar/2026:10:01:36 +0100] "GET /images/logo.png HTTP/1.1" 200 13733 "https://www.google.com/" "Mozilla/5.0 (Windows NT 10.0; Win64; x64) AppleWebKit/537.36 (KHTML, like Gecko) Chrome/120.0.0.0 Safari/537.36"
192.168.1.20 - - [15/Mar/2026:10:01:36 +0100] "GET /contact HTTP/1.1" 304 8182 "https://example.com/" "Mozilla/5.0 (X11; Linux x86_64; rv:121.0) Gecko/20100101 Firefox/121.0"
192.168.1.38 - - [15/Mar/2026:10:01:38 +0100] "GET /docs HTTP/1.1" 200 14592 "https://www.google.com/" "Mozilla/5.0 (Windows NT 10.0; Win64; x64) AppleWebKit/537.36 (KHTML, like Gecko) Chrome/120.0.0.0 Safari/537.36"
10.99.88.77 - - [15/Mar/2026:10:01:39 +0100] "GET /../../../var/log/auth.log HTTP/1.1" 403 287 "-" "Mozilla/5.0 (Macintosh; Intel Mac OS X 14_3) AppleWebKit/605.1.15 (KHTML, like Gecko) Version/17.2 Safari/605.1.15"
192.168.1.49 - - [15/Mar/2026:10:01:39 +0100] "GET /api/v1/data HTTP/1.1" 200 5782 "https://www.google.com/" "Mozilla/5.0 (Macintosh; Intel Mac OS X 14_3) AppleWebKit/605.1.15 (KHTML, like Gecko) Version/17.2 Safari/605.1.15"
10.99.88.77 - - [15/Mar/2026:10:01:39 +0100] "GET /..%255c..%255c..%255cetc/passwd HTTP/1.1" 403 287 "-" "Mozilla/5.0 (Macintosh; Intel Mac OS X 14_3) AppleWebKit/605.1.15 (KHTML, like Gecko) Version/17.2 Safari/605.1.15"
192.168.1.26 - - [15/Mar/2026:10:01:43 +0100] "GET /about HTTP/1.1" 200 649 "-" "Mozilla/5.0 (Windows NT 10.0; Win64; x64; rv:121.0) Gecko/20100101 Firefox/121.0"
10.99.88.77 - - [15/Mar/2026:10:01:43 +0100] "GET /....//....//etc/passwd HTTP/1.1" 403 287 "-" "Mozilla/5.0 (Windows NT 10.0; Win64; x64) AppleWebKit/537.36 (KHTML, like Gecko) Chrome/120.0.0.0 Safari/537.36"
192.168.1.34 - - [15/Mar/2026:10:01:43 +0100] "GET /products HTTP/1.1" 301 14815 "-" "Mozilla/5.0 (Windows NT 10.0; Win64; x64) AppleWebKit/537.36 (KHTML, like Gecko) Chrome/120.0.0.0 Safari/537.36"
192.168.1.30 - - [15/Mar/2026:10:01:44 +0100] "GET /products HTTP/1.1" 304 14705 "https://www.google.com/" "Mozilla/5.0 (Windows NT 10.0; Win64; x64) AppleWebKit/537.36 (KHTML, like Gecko) Chrome/120.0.0.0 Safari/537.36"
192.168.1.23 - - [15/Mar/2026:10:01:45 +0100] "GET /products HTTP/1.1" 200 10293 "https://example.com/" "Mozilla/5.0 (Windows NT 10.0; Win64; x64; rv:121.0) Gecko/20100101 Firefox/121.0"
10.99.88.77 - - [15/Mar/2026:10:01:46 +0100] "GET /static/../../etc/shadow HTTP/1.1" 403 287 "-" "Mozilla/5.0 (Macintosh; Intel Mac OS X 14_3) AppleWebKit/605.1.15 (KHTML, like Gecko) Version/17.2 Safari/605.1.15"
192.168.1.50 - - [15/Mar/2026:10:01:46 +0100] "GET /assets/style.css HTTP/1.1" 301 8752 "-" "Mozilla/5.0 (X11; Linux x86_64; rv:121.0) Gecko/20100101 Firefox/121.0"
192.168.1.25 - - [15/Mar/2026:10:01:47 +0100] "GET /about HTTP/1.1" 200 10350 "https://example.com/" "Mozilla/5.0 (Windows NT 10.0; Win64; x64) AppleWebKit/537.36 (KHTML, like Gecko) Chrome/120.0.0.0 Safari/537.36"
10.99.88.77 - - [15/Mar/2026:10:01:48 +0100] "GET /cgi-bin/../../etc/passwd HTTP/1.1" 403 287 "-" "Mozilla/5.0 (Windows NT 10.0; Win64; x64; rv:121.0) Gecko/20100101 Firefox/121.0"
192.168.1.19 - - [15/Mar/2026:10:01:49 +0100] "GET /products HTTP/1.1" 200 9258 "https://example.com/" "Mozilla/5.0 (Windows NT 10.0; Win64; x64; rv:121.0) Gecko/20100101 Firefox/121.0"
10.99.88.77 - - [15/Mar/2026:10:01:50 +0100] "GET /%2e%2e/%2e%2e/etc/passwd HTTP/1.1" 403 287 "-" "Mozilla/5.0 (Windows NT 10.0; Win64; x64) AppleWebKit/537.36 (KHTML, like Gecko) Chrome/120.0.0.0 Safari/537.36"
10.99.88.77 - - [15/Mar/2026:10:01:51 +0100] "GET /../../etc/passwd HTTP/1.1" 403 287 "-" "Mozilla/5.0 (Macintosh; Intel Mac OS X 14_3) AppleWebKit/605.1.15 (KHTML, like Gecko) Version/17.2 Safari/605.1.15"
192.168.1.27 - - [15/Mar/2026:10:01:51 +0100] "GET /about HTTP/1.1" 200 5688 "https://www.google.com/" "Mozilla/5.0 (Windows NT 10.0; Win64; x64; rv:121.0) Gecko/20100101 Firefox/121.0"
192.168.1.50 - - [15/Mar/2026:10:01:52 +0100] "GET /assets/style.css HTTP/1.1" 301 10409 "-" "Mozilla/5.0 (Windows NT 10.0; Win64; x64) AppleWebKit/537.36 (KHTML, like Gecko) Chrome/120.0.0.0 Safari/537.36"
10.99.88.77 - - [15/Mar/2026:10:01:53 +0100] "GET /..%2f..%2fetc/shadow HTTP/1.1" 403 287 "-" "Mozilla/5.0 (Macintosh; Intel Mac OS X 14_3) AppleWebKit/605.1.15 (KHTML, like Gecko) Version/17.2 Safari/605.1.15"
10.99.88.77 - - [15/Mar/2026:10:01:53 +0100] "GET /admin/..%2f..%2f..%2fetc/hosts HTTP/1.1" 403 287 "-" "Mozilla/5.0 (X11; Linux x86_64; rv:121.0) Gecko/20100101 Firefox/121.0"
192.168.1.45 - - [15/Mar/2026:10:01:54 +0100] "GET /assets/style.css HTTP/1.1" 200 11699 "https://example.com/" "Mozilla/5.0 (Macintosh; Intel Mac OS X 14_3) AppleWebKit/605.1.15 (KHTML, like Gecko) Version/17.2 Safari/605.1.15"
10.99.88.77 - - [15/Mar/2026:10:01:54 +0100] "GET /admin/../../../etc/group HTTP/1.1" 403 287 "-" "Mozilla/5.0 (X11; Linux x86_64; rv:121.0) Gecko/20100101 Firefox/121.0"
192.168.1.46 - - [15/Mar/2026:10:01:56 +0100] "GET /contact HTTP/1.1" 200 9151 "https://github.com/" "Mozilla/5.0 (Macintosh; Intel Mac OS X 14_3) AppleWebKit/605.1.15 (KHTML, like Gecko) Version/17.2 Safari/605.1.15"
192.168.1.50 - - [15/Mar/2026:10:01:57 +0100] "GET /about HTTP/1.1" 200 11647 "https://example.com/" "Mozilla/5.0 (Windows NT 10.0; Win64; x64; rv:121.0) Gecko/20100101 Firefox/121.0"
192.168.1.31 - - [15/Mar/2026:10:01:58 +0100] "GET /api/v1/data HTTP/1.1" 200 12418 "https://www.google.com/" "Mozilla/5.0 (Windows NT 10.0; Win64; x64; rv:121.0) Gecko/20100101 Firefox/121.0"
192.168.1.45 - - [15/Mar/2026:10:02:03 +0100] "GET /faq HTTP/1.1" 200 1637 "https://github.com/" "Mozilla/5.0 (X11; Linux x86_64; rv:121.0) Gecko/20100101 Firefox/121.0"
192.168.1.19 - - [15/Mar/2026:10:02:04 +0100] "GET /docs HTTP/1.1" 301 9746 "-" "Mozilla/5.0 (Windows NT 10.0; Win64; x64) AppleWebKit/537.36 (KHTML, like Gecko) Chrome/120.0.0.0 Safari/537.36"
192.168.1.44 - - [15/Mar/2026:10:02:04 +0100] "GET /contact HTTP/1.1" 200 5924 "https://example.com/" "Mozilla/5.0 (Macintosh; Intel Mac OS X 14_3) AppleWebKit/605.1.15 (KHTML, like Gecko) Version/17.2 Safari/605.1.15"
192.168.1.48 - - [15/Mar/2026:10:02:05 +0100] "GET /api/v1/data HTTP/1.1" 200 6718 "https://www.google.com/" "Mozilla/5.0 (X11; Linux x86_64; rv:121.0) Gecko/20100101 Firefox/121.0"
192.168.1.40 - - [15/Mar/2026:10:02:08 +0100] "GET /contact HTTP/1.1" 200 818 "https://www.google.com/" "Mozilla/5.0 (Macintosh; Intel Mac OS X 14_3) AppleWebKit/605.1.15 (KHTML, like Gecko) Version/17.2 Safari/605.1.15"
192.168.1.26 - - [15/Mar/2026:10:02:13 +0100] "GET /api/v1/data HTTP/1.1" 200 11556 "https://www.google.com/" "Mozilla/5.0 (Windows NT 10.0; Win64; x64) AppleWebKit/537.36 (KHTML, like Gecko) Chrome/120.0.0.0 Safari/537.36"
192.168.1.24 - - [15/Mar/2026:10:02:15 +0100] "GET /about HTTP/1.1" 200 2430 "https://example.com/" "Mozilla/5.0 (Windows NT 10.0; Win64; x64) AppleWebKit/537.36 (KHTML, like Gecko) Chrome/120.0.0.0 Safari/537.36"
192.168.1.18 - - [15/Mar/2026:10:02:15 +0100] "GET /products HTTP/1.1" 200 10071 "https://www.google.com/" "Mozilla/5.0 (X11; Linux x86_64; rv:121.0) Gecko/20100101 Firefox/121.0"
192.168.1.22 - - [15/Mar/2026:10:02:17 +0100] "GET /images/logo.png HTTP/1.1" 200 12605 "-" "Mozilla/5.0 (Windows NT 10.0; Win64; x64; rv:121.0) Gecko/20100101 Firefox/121.0"
192.168.1.46 - - [15/Mar/2026:10:02:17 +0100] "GET /faq HTTP/1.1" 200 14234 "https://github.com/" "Mozilla/5.0 (Windows NT 10.0; Win64; x64; rv:121.0) Gecko/20100101 Firefox/121.0"
192.168.1.47 - - [15/Mar/2026:10:02:19 +0100] "GET /faq HTTP/1.1" 200 12200 "https://example.com/" "Mozilla/5.0 (Macintosh; Intel Mac OS X 14_3) AppleWebKit/605.1.15 (KHTML, like Gecko) Version/17.2 Safari/605.1.15"
192.168.1.15 - - [15/Mar/2026:10:02:22 +0100] "GET /contact HTTP/1.1" 304 768 "-" "Mozilla/5.0 (Macintosh; Intel Mac OS X 14_3) AppleWebKit/605.1.15 (KHTML, like Gecko) Version/17.2 Safari/605.1.15"
192.168.1.18 - - [15/Mar/2026:10:02:23 +0100] "GET /docs HTTP/1.1" 200 8710 "-" "Mozilla/5.0 (Windows NT 10.0; Win64; x64; rv:121.0) Gecko/20100101 Firefox/121.0"
192.168.1.16 - - [15/Mar/2026:10:02:26 +0100] "GET /products HTTP/1.1" 304 10138 "https://www.google.com/" "Mozilla/5.0 (Windows NT 10.0; Win64; x64) AppleWebKit/537.36 (KHTML, like Gecko) Chrome/120.0.0.0 Safari/537.36"
192.168.1.15 - - [15/Mar/2026:10:02:26 +0100] "GET /products HTTP/1.1" 301 7305 "https://github.com/" "Mozilla/5.0 (Windows NT 10.0; Win64; x64; rv:121.0) Gecko/20100101 Firefox/121.0"
192.168.1.45 - - [15/Mar/2026:10:02:32 +0100] "GET /contact HTTP/1.1" 200 13587 "-" "Mozilla/5.0 (Macintosh; Intel Mac OS X 14_3) AppleWebKit/605.1.15 (KHTML, like Gecko) Version/17.2 Safari/605.1.15"
192.168.1.13 - - [15/Mar/2026:10:02:33 +0100] "GET /faq HTTP/1.1" 301 2934 "https://example.com/" "Mozilla/5.0 (X11; Linux x86_64; rv:121.0) Gecko/20100101 Firefox/121.0"
192.168.1.20 - - [15/Mar/2026:10:02:34 +0100] "GET /about HTTP/1.1" 200 11825 "https://example.com/" "Mozilla/5.0 (Windows NT 10.0; Win64; x64; rv:121.0) Gecko/20100101 Firefox/121.0"
192.168.1.49 - - [15/Mar/2026:10:02:35 +0100] "GET /about HTTP/1.1" 200 11041 "https://github.com/" "Mozilla/5.0 (Macintosh; Intel Mac OS X 14_3) AppleWebKit/605.1.15 (KHTML, like Gecko) Version/17.2 Safari/605.1.15"
192.168.1.26 - - [15/Mar/2026:10:02:37 +0100] "GET /docs HTTP/1.1" 304 1462 "https://github.com/" "Mozilla/5.0 (Windows NT 10.0; Win64; x64; rv:121.0) Gecko/20100101 Firefox/121.0"
192.168.1.13 - - [15/Mar/2026:10:02:40 +0100] "GET /api/v1/data HTTP/1.1" 301 14069 "https://www.google.com/" "Mozilla/5.0 (Windows NT 10.0; Win64; x64; rv:121.0) Gecko/20100101 Firefox/121.0"
192.168.1.48 - - [15/Mar/2026:10:02:46 +0100] "GET /docs HTTP/1.1" 200 12962 "https://www.google.com/" "Mozilla/5.0 (Windows NT 10.0; Win64; x64) AppleWebKit/537.36 (KHTML, like Gecko) Chrome/120.0.0.0 Safari/537.36"
192.168.1.10 - - [15/Mar/2026:10:02:47 +0100] "GET /about HTTP/1.1" 301 10342 "https://example.com/" "Mozilla/5.0 (X11; Linux x86_64; rv:121.0) Gecko/20100101 Firefox/121.0"
192.168.1.16 - - [15/Mar/2026:10:02:48 +0100] "GET /assets/style.css HTTP/1.1" 301 14620 "https://github.com/" "Mozilla/5.0 (X11; Linux x86_64; rv:121.0) Gecko/20100101 Firefox/121.0"
192.168.1.33 - - [15/Mar/2026:10:02:49 +0100] "GET /images/logo.png HTTP/1.1" 200 2962 "https://www.google.com/" "Mozilla/5.0 (Windows NT 10.0; Win64; x64) AppleWebKit/537.36 (KHTML, like Gecko) Chrome/120.0.0.0 Safari/537.36"
192.168.1.46 - - [15/Mar/2026:10:02:54 +0100] "GET /api/v1/data HTTP/1.1" 200 12103 "https://github.com/" "Mozilla/5.0 (Macintosh; Intel Mac OS X 14_3) AppleWebKit/605.1.15 (KHTML, like Gecko) Version/17.2 Safari/605.1.15"
192.168.1.49 - - [15/Mar/2026:10:02:58 +0100] "GET /faq HTTP/1.1" 304 707 "https://example.com/" "Mozilla/5.0 (Windows NT 10.0; Win64; x64; rv:121.0) Gecko/20100101 Firefox/121.0"
192.168.1.28 - - [15/Mar/2026:10:03:01 +0100] "GET /faq HTTP/1.1" 200 6673 "https://github.com/" "Mozilla/5.0 (Windows NT 10.0; Win64; x64) AppleWebKit/537.36 (KHTML, like Gecko) Chrome/120.0.0.0 Safari/537.36"
192.168.1.37 - - [15/Mar/2026:10:03:02 +0100] "GET /products HTTP/1.1" 200 1859 "https://example.com/" "Mozilla/5.0 (X11; Linux x86_64; rv:121.0) Gecko/20100101 Firefox/121.0"
192.168.1.18 - - [15/Mar/2026:10:03:06 +0100] "GET /contact HTTP/1.1" 200 8581 "https://www.google.com/" "Mozilla/5.0 (Windows NT 10.0; Win64; x64) AppleWebKit/537.36 (KHTML, like Gecko) Chrome/120.0.0.0 Safari/537.36"
192.168.1.10 - - [15/Mar/2026:10:03:10 +0100] "GET /faq HTTP/1.1" 200 3630 "https://example.com/" "Mozilla/5.0 (Macintosh; Intel Mac OS X 14_3) AppleWebKit/605.1.15 (KHTML, like Gecko) Version/17.2 Safari/605.1.15"
192.168.1.14 - - [15/Mar/2026:10:03:11 +0100] "GET /api/v1/users HTTP/1.1" 200 6116 "https://example.com/" "Mozilla/5.0 (X11; Linux x86_64; rv:121.0) Gecko/20100101 Firefox/121.0"
192.168.1.16 - - [15/Mar/2026:10:03:11 +0100] "GET /faq HTTP/1.1" 200 5625 "https://example.com/" "Mozilla/5.0 (Windows NT 10.0; Win64; x64) AppleWebKit/537.36 (KHTML, like Gecko) Chrome/120.0.0.0 Safari/537.36"
192.168.1.34 - - [15/Mar/2026:10:03:12 +0100] "GET /products HTTP/1.1" 200 14707 "https://www.google.com/" "Mozilla/5.0 (Windows NT 10.0; Win64; x64; rv:121.0) Gecko/20100101 Firefox/121.0"
192.168.1.20 - - [15/Mar/2026:10:03:13 +0100] "GET /api/v1/users HTTP/1.1" 200 14157 "https://example.com/" "Mozilla/5.0 (Windows NT 10.0; Win64; x64; rv:121.0) Gecko/20100101 Firefox/121.0"
192.168.1.39 - - [15/Mar/2026:10:03:13 +0100] "GET /assets/style.css HTTP/1.1" 200 7806 "-" "Mozilla/5.0 (Windows NT 10.0; Win64; x64) AppleWebKit/537.36 (KHTML, like Gecko) Chrome/120.0.0.0 Safari/537.36"
192.168.1.25 - - [15/Mar/2026:10:03:13 +0100] "GET /faq HTTP/1.1" 200 2047 "https://github.com/" "Mozilla/5.0 (Macintosh; Intel Mac OS X 14_3) AppleWebKit/605.1.15 (KHTML, like Gecko) Version/17.2 Safari/605.1.15"
192.168.1.24 - - [15/Mar/2026:10:03:16 +0100] "GET /images/logo.png HTTP/1.1" 200 12393 "https://github.com/" "Mozilla/5.0 (X11; Linux x86_64; rv:121.0) Gecko/20100101 Firefox/121.0"
192.168.1.39 - - [15/Mar/2026:10:03:16 +0100] "GET /images/logo.png HTTP/1.1" 200 13721 "https://example.com/" "Mozilla/5.0 (Windows NT 10.0; Win64; x64) AppleWebKit/537.36 (KHTML, like Gecko) Chrome/120.0.0.0 Safari/537.36"
192.168.1.10 - - [15/Mar/2026:10:03:16 +0100] "GET /api/v1/users HTTP/1.1" 304 9647 "https://www.google.com/" "Mozilla/5.0 (Macintosh; Intel Mac OS X 14_3) AppleWebKit/605.1.15 (KHTML, like Gecko) Version/17.2 Safari/605.1.15"
192.168.1.28 - - [15/Mar/2026:10:03:16 +0100] "GET /assets/style.css HTTP/1.1" 200 6828 "-" "Mozilla/5.0 (Windows NT 10.0; Win64; x64; rv:121.0) Gecko/20100101 Firefox/121.0"
192.168.1.11 - - [15/Mar/2026:10:03:18 +0100] "GET / HTTP/1.1" 304 2097 "https://github.com/" "Mozilla/5.0 (Windows NT 10.0; Win64; x64; rv:121.0) Gecko/20100101 Firefox/121.0"
192.168.1.31 - - [15/Mar/2026:10:03:19 +0100] "GET /images/logo.png HTTP/1.1" 200 3779 "-" "Mozilla/5.0 (Windows NT 10.0; Win64; x64; rv:121.0) Gecko/20100101 Firefox/121.0"
192.168.1.21 - - [15/Mar/2026:10:03:19 +0100] "GET /about HTTP/1.1" 200 11798 "-" "Mozilla/5.0 (Macintosh; Intel Mac OS X 14_3) AppleWebKit/605.1.15 (KHTML, like Gecko) Version/17.2 Safari/605.1.15"
172.16.0.11 - - [15/Mar/2026:10:03:20 +0100] "POST /api/login HTTP/1.1" 401 154 "-" "Mozilla/5.0 (X11; Linux x86_64; rv:121.0) Gecko/20100101 Firefox/121.0"
192.168.1.44 - - [15/Mar/2026:10:03:20 +0100] "GET /contact HTTP/1.1" 301 3927 "https://github.com/" "Mozilla/5.0 (Windows NT 10.0; Win64; x64) AppleWebKit/537.36 (KHTML, like Gecko) Chrome/120.0.0.0 Safari/537.36"
172.16.0.1 - - [15/Mar/2026:10:03:20 +0100] "POST /api/login HTTP/1.1" 401 233 "-" "Mozilla/5.0 (Macintosh; Intel Mac OS X 14_3) AppleWebKit/605.1.15 (KHTML, like Gecko) Version/17.2 Safari/605.1.15"
172.16.0.8 - - [15/Mar/2026:10:03:20 +0100] "POST /api/login HTTP/1.1" 401 121 "-" "Mozilla/5.0 (Macintosh; Intel Mac OS X 14_3) AppleWebKit/605.1.15 (KHTML, like Gecko) Version/17.2 Safari/605.1.15"
172.16.0.10 - - [15/Mar/2026:10:03:20 +0100] "POST /api/login HTTP/1.1" 401 259 "-" "Mozilla/5.0 (Macintosh; Intel Mac OS X 14_3) AppleWebKit/605.1.15 (KHTML, like Gecko) Version/17.2 Safari/605.1.15"
172.16.0.3 - - [15/Mar/2026:10:03:20 +0100] "POST /api/login HTTP/1.1" 401 254 "-" "Mozilla/5.0 (X11; Linux x86_64; rv:121.0) Gecko/20100101 Firefox/121.0"
172.16.0.14 - - [15/Mar/2026:10:03:20 +0100] "POST /api/login HTTP/1.1" 401 105 "-" "Mozilla/5.0 (Windows NT 10.0; Win64; x64; rv:121.0) Gecko/20100101 Firefox/121.0"
172.16.0.15 - - [15/Mar/2026:10:03:20 +0100] "POST /api/login HTTP/1.1" 401 232 "-" "Mozilla/5.0 (Macintosh; Intel Mac OS X 14_3) AppleWebKit/605.1.15 (KHTML, like Gecko) Version/17.2 Safari/605.1.15"
172.16.0.14 - - [15/Mar/2026:10:03:20 +0100] "POST /api/login HTTP/1.1" 401 253 "-" "Mozilla/5.0 (Windows NT 10.0; Win64; x64; rv:121.0) Gecko/20100101 Firefox/121.0"
172.16.0.12 - - [15/Mar/2026:10:03:20 +0100] "POST /api/login HTTP/1.1" 401 247 "-" "Mozilla/5.0 (Windows NT 10.0; Win64; x64) AppleWebKit/537.36 (KHTML, like Gecko) Chrome/120.0.0.0 Safari/537.36"
172.16.0.9 - - [15/Mar/2026:10:03:21 +0100] "POST /api/login HTTP/1.1" 401 145 "-" "Mozilla/5.0 (Windows NT 10.0; Win64; x64; rv:121.0) Gecko/20100101 Firefox/121.0"
172.16.0.10 - - [15/Mar/2026:10:03:21 +0100] "POST /api/login HTTP/1.1" 401 223 "-" "Mozilla/5.0 (Windows NT 10.0; Win64; x64; rv:121.0) Gecko/20100101 Firefox/121.0"
192.168.1.23 - - [15/Mar/2026:10:03:21 +0100] "GET /contact HTTP/1.1" 200 3568 "-" "Mozilla/5.0 (Windows NT 10.0; Win64; x64; rv:121.0) Gecko/20100101 Firefox/121.0"
172.16.0.3 - - [15/Mar/2026:10:03:21 +0100] "POST /api/login HTTP/1.1" 401 134 "-" "Mozilla/5.0 (Macintosh; Intel Mac OS X 14_3) AppleWebKit/605.1.15 (KHTML, like Gecko) Version/17.2 Safari/605.1.15"
172.16.0.15 - - [15/Mar/2026:10:03:21 +0100] "POST /api/login HTTP/1.1" 401 232 "-" "Mozilla/5.0 (Macintosh; Intel Mac OS X 14_3) AppleWebKit/605.1.15 (KHTML, like Gecko) Version/17.2 Safari/605.1.15"
172.16.0.15 - - [15/Mar/2026:10:03:21 +0100] "POST /api/login HTTP/1.1" 401 165 "-" "Mozilla/5.0 (Windows NT 10.0; Win64; x64; rv:121.0) Gecko/20100101 Firefox/121.0"
192.168.1.26 - - [15/Mar/2026:10:03:21 +0100] "GET /about HTTP/1.1" 200 12088 "https://www.google.com/" "Mozilla/5.0 (Windows NT 10.0; Win64; x64; rv:121.0) Gecko/20100101 Firefox/121.0"
172.16.0.3 - - [15/Mar/2026:10:03:21 +0100] "POST /api/login HTTP/1.1" 401 266 "-" "Mozilla/5.0 (Windows NT 10.0; Win64; x64; rv:121.0) Gecko/20100101 Firefox/121.0"
172.16.0.5 - - [15/Mar/2026:10:03:21 +0100] "POST /api/login HTTP/1.1" 401 293 "-" "Mozilla/5.0 (Windows NT 10.0; Win64; x64; rv:121.0) Gecko/20100101 Firefox/121.0"
172.16.0.14 - - [15/Mar/2026:10:03:22 +0100] "POST /api/login HTTP/1.1" 401 224 "-" "Mozilla/5.0 (X11; Linux x86_64; rv:121.0) Gecko/20100101 Firefox/121.0"
172.16.0.3 - - [15/Mar/2026:10:03:22 +0100] "POST /api/login HTTP/1.1" 401 298 "-" "Mozilla/5.0 (Windows NT 10.0; Win64; x64) AppleWebKit/537.36 (KHTML, like Gecko) Chrome/120.0.0.0 Safari/537.36"
172.16.0.9 - - [15/Mar/2026:10:03:22 +0100] "POST /api/login HTTP/1.1" 401 196 "-" "Mozilla/5.0 (Windows NT 10.0; Win64; x64) AppleWebKit/537.36 (KHTML, like Gecko) Chrome/120.0.0.0 Safari/537.36"
172.16.0.5 - - [15/Mar/2026:10:03:22 +0100] "POST /api/login HTTP/1.1" 401 244 "-" "Mozilla/5.0 (Windows NT 10.0; Win64; x64; rv:121.0) Gecko/20100101 Firefox/121.0"
172.16.0.15 - - [15/Mar/2026:10:03:22 +0100] "POST /api/login HTTP/1.1" 401 232 "-" "Mozilla/5.0 (Windows NT 10.0; Win64; x64) AppleWebKit/537.36 (KHTML, like Gecko) Chrome/120.0.0.0 Safari/537.36"
172.16.0.12 - - [15/Mar/2026:10:03:22 +0100] "POST /api/login HTTP/1.1" 401 208 "-" "Mozilla/5.0 (Windows NT 10.0; Win64; x64) AppleWebKit/537.36 (KHTML, like Gecko) Chrome/120.0.0.0 Safari/537.36"
172.16.0.4 - - [15/Mar/2026:10:03:22 +0100] "POST /api/login HTTP/1.1" 401 198 "-" "Mozilla/5.0 (Windows NT 10.0; Win64; x64; rv:121.0) Gecko/20100101 Firefox/121.0"
172.16.0.15 - - [15/Mar/2026:10:03:22 +0100] "POST /api/login HTTP/1.1" 401 123 "-" "Mozilla/5.0 (Windows NT 10.0; Win64; x64) AppleWebKit/537.36 (KHTML, like Gecko) Chrome/120.0.0.0 Safari/537.36"
172.16.0.3 - - [15/Mar/2026:10:03:23 +0100] "POST /api/login HTTP/1.1" 401 257 "-" "Mozilla/5.0 (Windows NT 10.0; Win64; x64; rv:121.0) Gecko/20100101 Firefox/121.0"
172.16.0.1 - - [15/Mar/2026:10:03:23 +0100] "POST /api/login HTTP/1.1" 401 114 "-" "Mozilla/5.0 (Macintosh; Intel Mac OS X 14_3) AppleWebKit/605.1.15 (KHTML, like Gecko) Version/17.2 Safari/605.1.15"
172.16.0.12 - - [15/Mar/2026:10:03:23 +0100] "POST /api/login HTTP/1.1" 401 204 "-" "Mozilla/5.0 (X11; Linux x86_64; rv:121.0) Gecko/20100101 Firefox/121.0"
172.16.0.5 - - [15/Mar/2026:10:03:23 +0100] "POST /api/login HTTP/1.1" 401 285 "-" "Mozilla/5.0 (Macintosh; Intel Mac OS X 14_3) AppleWebKit/605.1.15 (KHTML, like Gecko) Version/17.2 Safari/605.1.15"
172.16.0.8 - - [15/Mar/2026:10:03:23 +0100] "POST /api/login HTTP/1.1" 401 251 "-" "Mozilla/5.0 (Macintosh; Intel Mac OS X 14_3) AppleWebKit/605.1.15 (KHTML, like Gecko) Version/17.2 Safari/605.1.15"
172.16.0.7 - - [15/Mar/2026:10:03:23 +0100] "POST /api/login HTTP/1.1" 401 194 "-" "Mozilla/5.0 (Windows NT 10.0; Win64; x64; rv:121.0) Gecko/20100101 Firefox/121.0"
172.16.0.15 - - [15/Mar/2026:10:03:23 +0100] "POST /api/login HTTP/1.1" 401 252 "-" "Mozilla/5.0 (Windows NT 10.0; Win64; x64; rv:121.0) Gecko/20100101 Firefox/121.0"
172.16.0.2 - - [15/Mar/2026:10:03:23 +0100] "POST /api/login HTTP/1.1" 401 206 "-" "Mozilla/5.0 (Macintosh; Intel Mac OS X 14_3) AppleWebKit/605.1.15 (KHTML, like Gecko) Version/17.2 Safari/605.1.15"
172.16.0.14 - - [15/Mar/2026:10:03:23 +0100] "POST /api/login HTTP/1.1" 401 121 "-" "Mozilla/5.0 (X11; Linux x86_64; rv:121.0) Gecko/20100101 Firefox/121.0"
192.168.1.31 - - [15/Mar/2026:10:03:23 +0100] "GET /faq HTTP/1.1" 200 7496 "https://www.google.com/" "Mozilla/5.0 (X11; Linux x86_64; rv:121.0) Gecko/20100101 Firefox/121.0"
172.16.0.15 - - [15/Mar/2026:10:03:23 +0100] "POST /api/login HTTP/1.1" 401 228 "-" "Mozilla/5.0 (Windows NT 10.0; Win64; x64) AppleWebKit/537.36 (KHTML, like Gecko) Chrome/120.0.0.0 Safari/537.36"
172.16.0.12 - - [15/Mar/2026:10:03:24 +0100] "POST /api/login HTTP/1.1" 401 223 "-" "Mozilla/5.0 (Windows NT 10.0; Win64; x64) AppleWebKit/537.36 (KHTML, like Gecko) Chrome/120.0.0.0 Safari/537.36"
172.16.0.9 - - [15/Mar/2026:10:03:24 +0100] "POST /api/login HTTP/1.1" 401 138 "-" "Mozilla/5.0 (Windows NT 10.0; Win64; x64; rv:121.0) Gecko/20100101 Firefox/121.0"
172.16.0.12 - - [15/Mar/2026:10:03:24 +0100] "POST /api/login HTTP/1.1" 401 158 "-" "Mozilla/5.0 (Windows NT 10.0; Win64; x64; rv:121.0) Gecko/20100101 Firefox/121.0"
172.16.0.8 - - [15/Mar/2026:10:03:24 +0100] "POST /api/login HTTP/1.1" 401 158 "-" "Mozilla/5.0 (Macintosh; Intel Mac OS X 14_3) AppleWebKit/605.1.15 (KHTML, like Gecko) Version/17.2 Safari/605.1.15"
172.16.0.8 - - [15/Mar/2026:10:03:24 +0100] "POST /api/login HTTP/1.1" 401 189 "-" "Mozilla/5.0 (Windows NT 10.0; Win64; x64; rv:121.0) Gecko/20100101 Firefox/121.0"
192.168.1.30 - - [15/Mar/2026:10:03:24 +0100] "GET /contact HTTP/1.1" 200 6522 "https://www.google.com/" "Mozilla/5.0 (X11; Linux x86_64; rv:121.0) Gecko/20100101 Firefox/121.0"
172.16.0.10 - - [15/Mar/2026:10:03:24 +0100] "POST /api/login HTTP/1.1" 401 284 "-" "Mozilla/5.0 (Windows NT 10.0; Win64; x64) AppleWebKit/537.36 (KHTML, like Gecko) Chrome/120.0.0.0 Safari/537.36"
192.168.1.19 - - [15/Mar/2026:10:03:25 +0100] "GET / HTTP/1.1" 304 13050 "https://example.com/" "Mozilla/5.0 (X11; Linux x86_64; rv:121.0) Gecko/20100101 Firefox/121.0"
192.168.1.40 - - [15/Mar/2026:10:03:25 +0100] "GET /about HTTP/1.1" 200 4729 "https://www.google.com/" "Mozilla/5.0 (X11; Linux x86_64; rv:121.0) Gecko/20100101 Firefox/121.0"
192.168.1.21 - - [15/Mar/2026:10:03:27 +0100] "GET /products HTTP/1.1" 200 6547 "https://github.com/" "Mozilla/5.0 (X11; Linux x86_64; rv:121.0) Gecko/20100101 Firefox/121.0"
192.168.1.50 - - [15/Mar/2026:10:03:28 +0100] "GET / HTTP/1.1" 200 7095 "https://www.google.com/" "Mozilla/5.0 (Windows NT 10.0; Win64; x64) AppleWebKit/537.36 (KHTML, like Gecko) Chrome/120.0.0.0 Safari/537.36"
192.168.1.14 - - [15/Mar/2026:10:03:30 +0100] "GET /images/logo.png HTTP/1.1" 301 1938 "https://www.google.com/" "Mozilla/5.0 (X11; Linux x86_64; rv:121.0) Gecko/20100101 Firefox/121.0"
192.168.1.15 - - [15/Mar/2026:10:03:30 +0100] "GET /api/v1/users HTTP/1.1" 301 10293 "https://www.google.com/" "Mozilla/5.0 (Macintosh; Intel Mac OS X 14_3) AppleWebKit/605.1.15 (KHTML, like Gecko) Version/17.2 Safari/605.1.15"
192.168.1.45 - - [15/Mar/2026:10:03:32 +0100] "GET /docs HTTP/1.1" 200 3857 "https://github.com/" "Mozilla/5.0 (Macintosh; Intel Mac OS X 14_3) AppleWebKit/605.1.15 (KHTML, like Gecko) Version/17.2 Safari/605.1.15"
192.168.1.45 - - [15/Mar/2026:10:03:33 +0100] "GET /api/v1/data HTTP/1.1" 200 3635 "https://www.google.com/" "Mozilla/5.0 (X11; Linux x86_64; rv:121.0) Gecko/20100101 Firefox/121.0"
192.168.1.27 - - [15/Mar/2026:10:03:33 +0100] "GET /contact HTTP/1.1" 200 14152 "https://github.com/" "Mozilla/5.0 (X11; Linux x86_64; rv:121.0) Gecko/20100101 Firefox/121.0"
192.168.1.17 - - [15/Mar/2026:10:03:34 +0100] "GET /about HTTP/1.1" 304 3833 "https://www.google.com/" "Mozilla/5.0 (Windows NT 10.0; Win64; x64) AppleWebKit/537.36 (KHTML, like Gecko) Chrome/120.0.0.0 Safari/537.36"
192.168.1.47 - - [15/Mar/2026:10:03:40 +0100] "GET /api/v1/users HTTP/1.1" 200 2217 "-" "Mozilla/5.0 (X11; Linux x86_64; rv:121.0) Gecko/20100101 Firefox/121.0"
192.168.1.16 - - [15/Mar/2026:10:03:41 +0100] "GET / HTTP/1.1" 200 14159 "https://example.com/" "Mozilla/5.0 (Macintosh; Intel Mac OS X 14_3) AppleWebKit/605.1.15 (KHTML, like Gecko) Version/17.2 Safari/605.1.15"
192.168.1.10 - - [15/Mar/2026:10:03:42 +0100] "GET / HTTP/1.1" 200 4206 "https://github.com/" "Mozilla/5.0 (Windows NT 10.0; Win64; x64) AppleWebKit/537.36 (KHTML, like Gecko) Chrome/120.0.0.0 Safari/537.36"
192.168.1.19 - - [15/Mar/2026:10:03:44 +0100] "GET / HTTP/1.1" 200 11945 "-" "Mozilla/5.0 (X11; Linux x86_64; rv:121.0) Gecko/20100101 Firefox/121.0"
192.168.1.12 - - [15/Mar/2026:10:03:46 +0100] "GET /images/logo.png HTTP/1.1" 200 1879 "https://github.com/" "Mozilla/5.0 (Macintosh; Intel Mac OS X 14_3) AppleWebKit/605.1.15 (KHTML, like Gecko) Version/17.2 Safari/605.1.15"
192.168.1.45 - - [15/Mar/2026:10:03:48 +0100] "GET /faq HTTP/1.1" 301 9549 "https://www.google.com/" "Mozilla/5.0 (Windows NT 10.0; Win64; x64; rv:121.0) Gecko/20100101 Firefox/121.0"
192.168.1.24 - - [15/Mar/2026:10:03:50 +0100] "GET /products HTTP/1.1" 200 4260 "https://www.google.com/" "Mozilla/5.0 (Macintosh; Intel Mac OS X 14_3) AppleWebKit/605.1.15 (KHTML, like Gecko) Version/17.2 Safari/605.1.15"
192.168.1.50 - - [15/Mar/2026:10:03:52 +0100] "GET /docs HTTP/1.1" 304 5134 "https://www.google.com/" "Mozilla/5.0 (Windows NT 10.0; Win64; x64; rv:121.0) Gecko/20100101 Firefox/121.0"
192.168.1.43 - - [15/Mar/2026:10:03:54 +0100] "GET /docs HTTP/1.1" 200 3046 "https://example.com/" "Mozilla/5.0 (Macintosh; Intel Mac OS X 14_3) AppleWebKit/605.1.15 (KHTML, like Gecko) Version/17.2 Safari/605.1.15"
192.168.1.32 - - [15/Mar/2026:10:03:54 +0100] "GET /faq HTTP/1.1" 301 13003 "https://www.google.com/" "Mozilla/5.0 (Windows NT 10.0; Win64; x64; rv:121.0) Gecko/20100101 Firefox/121.0"
192.168.1.31 - - [15/Mar/2026:10:03:56 +0100] "GET /images/logo.png HTTP/1.1" 200 9793 "https://github.com/" "Mozilla/5.0 (X11; Linux x86_64; rv:121.0) Gecko/20100101 Firefox/121.0"
192.168.1.48 - - [15/Mar/2026:10:04:01 +0100] "GET /contact HTTP/1.1" 304 5436 "-" "Mozilla/5.0 (Macintosh; Intel Mac OS X 14_3) AppleWebKit/605.1.15 (KHTML, like Gecko) Version/17.2 Safari/605.1.15"
192.168.1.12 - - [15/Mar/2026:10:04:03 +0100] "GET /assets/style.css HTTP/1.1" 200 13333 "https://github.com/" "Mozilla/5.0 (X11; Linux x86_64; rv:121.0) Gecko/20100101 Firefox/121.0"
192.168.1.21 - - [15/Mar/2026:10:04:04 +0100] "GET /about HTTP/1.1" 200 6757 "https://www.google.com/" "Mozilla/5.0 (Windows NT 10.0; Win64; x64; rv:121.0) Gecko/20100101 Firefox/121.0"
192.168.1.36 - - [15/Mar/2026:10:04:05 +0100] "GET /api/v1/users HTTP/1.1" 304 14403 "https://example.com/" "Mozilla/5.0 (Windows NT 10.0; Win64; x64; rv:121.0) Gecko/20100101 Firefox/121.0"
192.168.1.46 - - [15/Mar/2026:10:04:08 +0100] "GET /api/v1/data HTTP/1.1" 200 7593 "-" "Mozilla/5.0 (Windows NT 10.0; Win64; x64) AppleWebKit/537.36 (KHTML, like Gecko) Chrome/120.0.0.0 Safari/537.36"
192.168.1.50 - - [15/Mar/2026:10:04:08 +0100] "GET /images/logo.png HTTP/1.1" 301 9155 "https://example.com/" "Mozilla/5.0 (Macintosh; Intel Mac OS X 14_3) AppleWebKit/605.1.15 (KHTML, like Gecko) Version/17.2 Safari/605.1.15"
192.168.1.22 - - [15/Mar/2026:10:04:09 +0100] "GET /images/logo.png HTTP/1.1" 304 6913 "https://example.com/" "Mozilla/5.0 (X11; Linux x86_64; rv:121.0) Gecko/20100101 Firefox/121.0"
192.168.1.40 - - [15/Mar/2026:10:04:10 +0100] "GET /contact HTTP/1.1" 304 14718 "-" "Mozilla/5.0 (Macintosh; Intel Mac OS X 14_3) AppleWebKit/605.1.15 (KHTML, like Gecko) Version/17.2 Safari/605.1.15"
